`{
  "done": false,
  "content": "Assistent Response 2 - from chatbot2",
  "toolID": "testdata/TestDualSubChat/test.gpt:chatbot2",
  "state": {
    "continuation": {
      "state": {
        "input": "User 1",
        "completion": {
          "model": "gpt-4o",
          "tools": [
            {
              "function": {
                "toolID": "testdata/TestDualSubChat/test.gpt:chatbot",
                "name": "chatbot",
                "parameters": {
                  "type": "object",
                  "properties": {
                    "defaultPromptParameter": {
                      "type": "string",
                      "description": "Prompt to send to the assistant. This may be an instruction or question."
                    }
                  }
                }
              }
            },
            {
              "function": {
                "toolID": "testdata/TestDualSubChat/test.gpt:chatbot2",
                "name": "chatbot2",
                "parameters": {
                  "type": "object",
                  "properties": {
                    "defaultPromptParameter": {
                      "type": "string",
                      "description": "Prompt to send to the assistant. This may be an instruction or question."
                    }
                  }
                }
              }
            }
          ],
          "messages": [
            {
              "role": "system",
              "content": [
                {
                  "text": "Call chatbots"
                }
              ],
              "usage": {}
            },
            {
              "role": "user",
              "content": [
                {
                  "text": "User 1"
                }
              ],
              "usage": {}
            },
            {
              "role": "assistant",
              "content": [
                {
                  "toolCall": {
                    "index": 0,
                    "id": "call_1",
                    "function": {
                      "name": "chatbot",
                      "arguments": "Input to chatbot1"
                    }
                  }
                },
                {
                  "toolCall": {
                    "index": 1,
                    "id": "call_2",
                    "function": {
                      "name": "chatbot2",
                      "arguments": "Input to chatbot2"
                    }
                  }
                }
              ],
              "usage": {}
            }
          ]
        },
        "pending": {
          "call_1": {
            "index": 0,
            "id": "call_1",
            "function": {
              "name": "chatbot",
              "arguments": "Input to chatbot1"
            }
          },
          "call_2": {
            "index": 1,
            "id": "call_2",
            "function": {
              "name": "chatbot2",
              "arguments": "Input to chatbot2"
            }
          }
        }
      },
      "calls": {
        "call_1": {
          "toolID": "testdata/TestDualSubChat/test.gpt:chatbot",
          "input": "Input to chatbot1"
        },
        "call_2": {
          "toolID": "testdata/TestDualSubChat/test.gpt:chatbot2",
          "input": "Input to chatbot2"
        }
      }
    },
    "subCalls": [
      {
        "toolId": "testdata/TestDualSubChat/test.gpt:chatbot",
        "callId": "call_1",
        "state": {
          "result": "Chat done"
        }
      },
      {
        "toolId": "testdata/TestDualSubChat/test.gpt:chatbot2",
        "callId": "call_2",
        "state": {
          "continuation": {
            "state": {
              "input": "Input to chatbot2",
              "completion": {
                "model": "gpt-4o",
                "internalSystemPrompt": false,
                "tools": [
                  {
                    "function": {
                      "toolID": "sys.chat.finish",
                      "name": "chatFinish",
                      "description": "Concludes the conversation. This can not be used to ask a question.",
                      "parameters": {
                        "type": "object",
                        "properties": {
                          "return": {
                            "type": "string",
                            "description": "The instructed value to return or a summary of the dialog if no value is instructed"
                          }
                        }
                      }
                    }
                  }
                ],
                "messages": [
                  {
                    "role": "system",
                    "content": [
                      {
                        "text": "This is a chatbot2"
                      }
                    ],
                    "usage": {}
                  },
                  {
                    "role": "user",
                    "content": [
                      {
                        "text": "Input to chatbot2"
                      }
                    ],
                    "usage": {}
                  },
                  {
                    "role": "assistant",
                    "content": [
                      {
                        "text": "Assistent Response 2 - from chatbot2"
                      }
                    ],
                    "usage": {}
                  }
                ],
                "chat": true
              }
            },
            "result": "Assistent Response 2 - from chatbot2"
          },
          "continuationToolID": "testdata/TestDualSubChat/test.gpt:chatbot2"
        }
      }
    ],
    "subCallID": "call_2"
  }
}`
