`{
  "model": "gpt-4o",
  "internalSystemPrompt": false,
  "tools": [
    {
      "function": {
        "toolID": "sys.ls",
        "name": "ls",
        "description": "Lists the contents of a directory",
        "parameters": {
          "type": "object",
          "properties": {
            "dir": {
              "type": "string",
              "description": "The directory to list"
            }
          }
        }
      }
    },
    {
      "function": {
        "toolID": "sys.write",
        "name": "write",
        "description": "Write the contents to a file",
        "parameters": {
          "type": "object",
          "properties": {
            "content": {
              "type": "string",
              "description": "The content to write"
            },
            "filename": {
              "type": "string",
              "description": "The name of the file to write to"
            }
          }
        }
      }
    }
  ],
  "messages": [
    {
      "role": "user",
      "content": [
        {
          "text": "input 1"
        }
      ],
      "usage": {}
    },
    {
      "role": "assistant",
      "content": [
        {
          "text": "TEST RESULT CALL: 1"
        }
      ],
      "usage": {}
    },
    {
      "role": "user",
      "content": [
        {
          "text": "input 2"
        }
      ],
      "usage": {}
    }
  ],
  "chat": true,
  "temperature": 0.6
}`
