`{
  "role": "assistant",
  "content": [
    {
      "text": "TEST RESULT CALL: 1"
    }
  ],
  "usage": {}
}`
