`{
  "done": true,
  "content": "{\"content\":[{\"type\":\"text\",\"text\":\"[{'1': 1}]\"}]}",
  "toolID": "",
  "state": null
}`
