`{
  "done": false,
  "content": "TEST RESULT CALL: 1",
  "toolID": "testdata/TestSysContext/test.gpt:",
  "state": {
    "continuation": {
      "state": {
        "input": "input 1",
        "completion": {
          "model": "gpt-4o",
          "internalSystemPrompt": false,
          "tools": [
            {
              "function": {
                "toolID": "testdata/TestSysContext/file.gpt:I am Superman Agent",
                "name": "iAmSuperman",
                "parameters": {
                  "type": "object",
                  "properties": {
                    "defaultPromptParameter": {
                      "type": "string",
                      "description": "Prompt to send to the tool. This may be an instruction or question."
                    }
                  }
                }
              }
            }
          ],
          "messages": [
            {
              "role": "system",
              "content": [
                {
                  "text": "{\"call\":{\"id\":\"\",\"tool\":{\"name\":\"sys.context\",\"description\":\"Retrieves the current internal GPTScript tool call context information\",\"modelName\":\"gpt-4o\",\"internalPrompt\":null,\"arguments\":{\"type\":\"object\"},\"instructions\":\"#!sys.context\",\"id\":\"sys.context\",\"source\":{}},\"currentAgent\":{},\"agentGroup\":[{\"named\":\"iAmSuperman\",\"reference\":\"./file.gpt\",\"toolID\":\"testdata/TestSysContext/file.gpt:I am Superman Agent\"}],\"inputContext\":null,\"toolCategory\":\"context\",\"toolName\":\"sys.context\"},\"program\":{\"name\":\"testdata/TestSysContext/test.gpt\",\"entryToolId\":\"testdata/TestSysContext/test.gpt:\",\"toolSet\":{\"sys.context\":{\"name\":\"sys.context\",\"description\":\"Retrieves the current internal GPTScript tool call context information\",\"modelName\":\"gpt-4o\",\"internalPrompt\":null,\"arguments\":{\"type\":\"object\"},\"instructions\":\"#!sys.context\",\"id\":\"sys.context\",\"source\":{}},\"testdata/TestSysContext/file.gpt:I am Superman Agent\":{\"name\":\"I am Superman Agent\",\"modelName\":\"gpt-4o\",\"internalPrompt\":null,\"instructions\":\"I'm super\",\"id\":\"testdata/TestSysContext/file.gpt:I am Superman Agent\",\"localTools\":{\"i am superman agent\":\"testdata/TestSysContext/file.gpt:I am Superman Agent\"},\"source\":{\"location\":\"testdata/TestSysContext/file.gpt\",\"lineNo\":1},\"workingDir\":\"testdata/TestSysContext\"},\"testdata/TestSysContext/test.gpt:\":{\"modelName\":\"gpt-4o\",\"chat\":true,\"internalPrompt\":null,\"context\":[\"agents\"],\"agents\":[\"./file.gpt\"],\"instructions\":\"Tool body\",\"id\":\"testdata/TestSysContext/test.gpt:\",\"toolMapping\":{\"./file.gpt\":[{\"reference\":\"./file.gpt\",\"toolID\":\"testdata/TestSysContext/file.gpt:I am Superman Agent\"}],\"agents\":[{\"reference\":\"agents\",\"toolID\":\"testdata/TestSysContext/test.gpt:agents\"}]},\"localTools\":{\"\":\"testdata/TestSysContext/test.gpt:\",\"agents\":\"testdata/TestSysContext/test.gpt:agents\"},\"source\":{\"location\":\"testdata/TestSysContext/test.gpt\",\"lineNo\":1},\"workingDir\":\"testdata/TestSysContext\"},\"testdata/TestSysContext/test.gpt:agents\":{\"name\":\"agents\",\"modelName\":\"gpt-4o\",\"internalPrompt\":null,\"context\":[\"sys.context\"],\"instructions\":\"#!/bin/bash\\n\\necho \\\"${GPTSCRIPT_CONTEXT}\\\"\\necho \\\"${GPTSCRIPT_CONTEXT}\\\" \\u003e ${GPTSCRIPT_TOOL_DIR}/context.json\",\"id\":\"testdata/TestSysContext/test.gpt:agents\",\"toolMapping\":{\"sys.context\":[{\"reference\":\"sys.context\",\"toolID\":\"sys.context\"}]},\"localTools\":{\"\":\"testdata/TestSysContext/test.gpt:\",\"agents\":\"testdata/TestSysContext/test.gpt:agents\"},\"source\":{\"location\":\"testdata/TestSysContext/test.gpt\",\"lineNo\":8},\"workingDir\":\"testdata/TestSysContext\"}}}}\n\nTool body"
                }
              ],
              "usage": {}
            },
            {
              "role": "user",
              "content": [
                {
                  "text": "input 1"
                }
              ],
              "usage": {}
            },
            {
              "role": "assistant",
              "content": [
                {
                  "text": "TEST RESULT CALL: 1"
                }
              ],
              "usage": {}
            }
          ],
          "chat": true
        }
      },
      "result": "TEST RESULT CALL: 1"
    },
    "continuationToolID": "testdata/TestSysContext/test.gpt:"
  }
}`
