`{
  "done": true,
  "content": "that worked\nthat also worked\n",
  "toolID": "",
  "state": null
}`
