`{
  "model": "gpt-4o",
  "tools": [
    {
      "function": {
        "toolID": "testdata/TestExportContext/test.gpt:subtool",
        "name": "subtool",
        "parameters": {
          "type": "object",
          "properties": {
            "defaultPromptParameter": {
              "type": "string",
              "description": "Prompt to send to the tool. This may be an instruction or question."
            }
          }
        }
      }
    },
    {
      "function": {
        "toolID": "testdata/TestExportContext/test.gpt:sampletool",
        "name": "sampletool",
        "description": "sample",
        "parameters": {
          "type": "object",
          "properties": {
            "foo": {
              "type": "string",
              "description": "foo description"
            }
          }
        }
      }
    }
  ],
  "messages": [
    {
      "role": "system",
      "content": [
        {
          "text": "this is from context\nthis is from external context\nThis is from tool"
        }
      ],
      "usage": {}
    }
  ]
}`
