`{
  "model": "gpt-4o",
  "internalSystemPrompt": false,
  "tools": [
    {
      "function": {
        "toolID": "testdata/TestAgents/test.gpt:agent2",
        "name": "agent2",
        "parameters": {
          "type": "object",
          "properties": {
            "defaultPromptParameter": {
              "type": "string",
              "description": "Prompt to send to the assistant. This may be an instruction or question."
            }
          }
        }
      }
    }
  ],
  "messages": [
    {
      "role": "system",
      "content": [
        {
          "text": "I am agent1"
        }
      ],
      "usage": {}
    }
  ],
  "chat": true
}`
