`{
  "model": "gpt-4o",
  "tools": [
    {
      "function": {
        "toolID": "testdata/TestSubChat/test.gpt:chatbot",
        "name": "chatbot",
        "parameters": {
          "type": "object",
          "properties": {
            "defaultPromptParameter": {
              "type": "string",
              "description": "Prompt to send to the assistant. This may be an instruction or question."
            }
          }
        }
      }
    }
  ],
  "messages": [
    {
      "role": "system",
      "content": [
        {
          "text": "Call chatbot"
        }
      ],
      "usage": {}
    },
    {
      "role": "user",
      "content": [
        {
          "text": "Hello"
        }
      ],
      "usage": {}
    }
  ]
}`
