`{
  "model": "gpt-4o",
  "tools": [
    {
      "function": {
        "toolID": "testdata/TestAsterick/other.gpt:afoo",
        "name": "afoo",
        "parameters": {
          "type": "object",
          "properties": {
            "defaultPromptParameter": {
              "type": "string",
              "description": "Prompt to send to the tool. This may be an instruction or question."
            }
          }
        }
      }
    },
    {
      "function": {
        "toolID": "testdata/TestAsterick/other.gpt:a",
        "name": "a",
        "parameters": {
          "type": "object",
          "properties": {
            "defaultPromptParameter": {
              "type": "string",
              "description": "Prompt to send to the tool. This may be an instruction or question."
            }
          }
        }
      }
    }
  ],
  "messages": [
    {
      "role": "system",
      "content": [
        {
          "text": "Ask Bob how he is doing and let me know exactly what he said."
        }
      ],
      "usage": {}
    }
  ]
}`
