`{
  "model": "gpt-4o",
  "internalSystemPrompt": false,
  "messages": [
    {
      "role": "system",
      "content": [
        {
          "text": "Say hi"
        }
      ],
      "usage": {}
    },
    {
      "role": "user",
      "content": [
        {
          "text": ":\"foo\":\"123\"}\n"
        }
      ],
      "usage": {}
    }
  ],
  "chat": true
}`
